[sharedsolar.readthedocs.org/en/latest/index.html]
[backblue.gif]
[fade.gif]
[index.html]
[ajax.googleapis.com/ajax/libs/jquery/1.4/jquery.min.js]
[sharedsolar.readthedocs.org/en/latest/genindex.html]
[sharedsolar.readthedocs.org/en/latest/setup_ssmeter.html]
[sharedsolar.readthedocs.org/en/latest/py-modindex.c.delayed]
[sharedsolar.readthedocs.org/en/latest/faq_ssmeter.html]
[sharedsolar.readthedocs.org/en/latest/troubleshoot_ssmeter.html]
[sharedsolar.readthedocs.org/en/latest/search.html]
[sharedsolar.readthedocs.org/en/latest/_sources/index.txt]
[sharedsolar.readthedocs.org/en/latest/index.html]
[media.readthedocs.org/javascript/underscore.js]
[sharedsolar.readthedocs.org/en/latest/minus.f.delayed]
[media.readthedocs.org/javascript/doctools.js]
[media.readthedocs.org/javascript/searchtools.js]
[media.readthedocs.org/javascript/rtd.js]
[sharedsolar.readthedocs.org/en/latest/_static/rtd.css]
[sharedsolar.readthedocs.org/en/latest/_static/pygments.css]
[sharedsolar.readthedocs.org/en/latest/index/index.html]
[sharedsolar.readthedocs.org/en/latest/_images/main1.png]
[sharedsolar.readthedocs.org/en/latest/_images/tristar_static_ip_setup.png]
[sharedsolar.readthedocs.org/en/latest/_images/tech_login.png]
[sharedsolar.readthedocs.org/en/latest/_images/tech_sync1.png]
[sharedsolar.readthedocs.org/en/latest/_images/tech_sync2.png]
[sharedsolar.readthedocs.org/en/latest/_images/conf_meter.png]
[sharedsolar.readthedocs.org/en/latest/_images/conf_model.png]
[sharedsolar.readthedocs.org/en/latest/_images/add_model.png]
[sharedsolar.readthedocs.org/en/latest/_images/conf_ckt.png]
[sharedsolar.readthedocs.org/en/latest/_images/add_ckt.png]
[sharedsolar.readthedocs.org/en/latest/_sources/setup_ssmeter.txt]
[sharedsolar.readthedocs.org/en/latest/setup_ssmeter.html]
[sharedsolar.readthedocs.org/en/latest/genindex.html]
[sharedsolar.readthedocs.org/en/latest/_sources/faq_ssmeter.txt]
[sharedsolar.readthedocs.org/en/latest/faq_ssmeter.html]
[sharedsolar.readthedocs.org/en/latest/_images/troubleshoot_nw_diagram.png]
[sharedsolar.readthedocs.org/en/latest/_sources/troubleshoot_ssmeter.txt]
[sharedsolar.readthedocs.org/en/latest/troubleshoot_ssmeter.html]
[sharedsolar.readthedocs.org/en/latest/py-modindex.html]
[sharedsolar.readthedocs.org/en/latest/search.html]
[sharedsolar.readthedocs.org/en/latest/minus.html]
[sharedsolar.readthedocs.org/en/latest/index/index.html]
[sharedsolar.readthedocs.org/en/latest/_static/basic.css]
[sharedsolar.readthedocs.org/en/latest/_static/searchtools.js]
[sharedsolar.readthedocs.org/en/latest/searchindex.js]
